
> nextjs@0.1.0 build
> next build

   ▲ Next.js 15.3.1

   Creating an optimized production build ...
 ✓ Compiled successfully in 6.0s
   Linting and checking validity of types ...
   Collecting page data ...
   Generating static pages (0/21) ...
   Generating static pages (5/21) 
   Generating static pages (10/21) 
   Generating static pages (15/21) 
 ✓ Generating static pages (21/21)
   Finalizing page optimization ...
   Collecting build traces ...

Route (app)                                            Size  First Load JS
┌ ○ /                                               12.9 kB         173 kB
├ ○ /_not-found                                       978 B         102 kB
├ ○ /blog                                             144 B         167 kB
├ ƒ /blog/changelog-for-2024                        1.21 kB         124 kB
├ ƒ /blog/cool-things-to-do-with-ai                 1.53 kB         124 kB
├ ƒ /blog/how-companies-are-working-without-ai      1.53 kB         124 kB
├ ƒ /blog/top-5-llm-of-all-time                     1.53 kB         124 kB
├ ƒ /blog/what-is-ai-anyway                         1.53 kB         124 kB
├ ○ /contact                                        4.71 kB         189 kB
├ ○ /login                                          3.53 kB         145 kB
├ ○ /pricing                                        7.37 kB         160 kB
├ ○ /projects                                         145 B         167 kB
├ ƒ /projects/changelog-for-2024                    1.21 kB         124 kB
├ ƒ /projects/cool-things-to-do-with-ai             1.53 kB         124 kB
├ ƒ /projects/how-companies-are-working-without-ai  1.53 kB         124 kB
├ ƒ /projects/top-5-llm-of-all-time                 1.53 kB         124 kB
├ ƒ /projects/what-is-ai-anyway                     1.53 kB         124 kB
└ ○ /signup                                         3.57 kB         145 kB
+ First Load JS shared by all                        101 kB
  ├ chunks/4bd1b696-c1fc7b580606a8ec.js             53.2 kB
  ├ chunks/684-c7d0b086f21645f1.js                    46 kB
  └ other shared chunks (total)                     1.92 kB


○  (Static)   prerendered as static content
ƒ  (Dynamic)  server-rendered on demand

